Java HotSpot(TM) 64-Bit Server VM (25.192-b12) for bsd-amd64 JRE (1.8.0_192-b12), built on Oct  6 2018 09:36:52 by "java_re" with gcc 4.2.1 (Based on Apple Inc. build 5658) (LLVM build 2336.11.00)
Memory: 4k page, physical 16777216k(562948k free)

/proc/meminfo:

CommandLine flags: -XX:InitialHeapSize=536870912 -XX:MaxHeapSize=536870912 -XX:MaxNewSize=178958336 -XX:MaxTenuringThreshold=6 -XX:NewSize=178958336 -XX:OldPLABSize=16 -XX:OldSize=357912576 -XX:+PrintGC -XX:+PrintGCDateStamps -XX:+PrintGCDetails -XX:+PrintGCTimeStamps -XX:+UseCompressedClassPointers -XX:+UseCompressedOops -XX:+UseConcMarkSweepGC -XX:+UseParNewGC 
2020-10-29T10:03:00.621-0800: 0.148: [GC (Allocation Failure) 2020-10-29T10:03:00.621-0800: 0.148: [ParNew: 139776K->17468K(157248K), 0.0151701 secs] 139776K->41053K(506816K), 0.0153105 secs] [Times: user=0.04 sys=0.08, real=0.01 secs] 
2020-10-29T10:03:00.656-0800: 0.183: [GC (Allocation Failure) 2020-10-29T10:03:00.656-0800: 0.183: [ParNew: 157244K->17472K(157248K), 0.0188983 secs] 180829K->85418K(506816K), 0.0189765 secs] [Times: user=0.03 sys=0.11, real=0.02 secs] 
2020-10-29T10:03:00.691-0800: 0.219: [GC (Allocation Failure) 2020-10-29T10:03:00.691-0800: 0.219: [ParNew: 157188K->17472K(157248K), 0.0176324 secs] 225135K->130078K(506816K), 0.0177119 secs] [Times: user=0.15 sys=0.03, real=0.01 secs] 
2020-10-29T10:03:00.727-0800: 0.254: [GC (Allocation Failure) 2020-10-29T10:03:00.727-0800: 0.254: [ParNew: 157248K->17469K(157248K), 0.0236105 secs] 269854K->178425K(506816K), 0.0237078 secs] [Times: user=0.21 sys=0.01, real=0.03 secs] 
2020-10-29T10:03:00.773-0800: 0.301: [GC (Allocation Failure) 2020-10-29T10:03:00.773-0800: 0.301: [ParNew: 157245K->17471K(157248K), 0.0187217 secs] 318201K->225048K(506816K), 0.0188011 secs] [Times: user=0.16 sys=0.02, real=0.02 secs] 
2020-10-29T10:03:00.792-0800: 0.320: [GC (CMS Initial Mark) [1 CMS-initial-mark: 207576K(349568K)] 225435K(506816K), 0.0001912 secs] [Times: user=0.00 sys=0.01, real=0.00 secs] 
2020-10-29T10:03:00.792-0800: 0.320: [CMS-concurrent-mark-start]
2020-10-29T10:03:00.794-0800: 0.321: [CMS-concurrent-mark: 0.001/0.001 secs] [Times: user=0.01 sys=0.00, real=0.00 secs] 
2020-10-29T10:03:00.794-0800: 0.321: [CMS-concurrent-preclean-start]
2020-10-29T10:03:00.794-0800: 0.322: [CMS-concurrent-preclean: 0.001/0.001 secs] [Times: user=0.00 sys=0.00, real=0.00 secs] 
2020-10-29T10:03:00.794-0800: 0.322: [CMS-concurrent-abortable-preclean-start]
2020-10-29T10:03:00.810-0800: 0.337: [GC (Allocation Failure) 2020-10-29T10:03:00.810-0800: 0.337: [ParNew: 157247K->17470K(157248K), 0.0196734 secs] 364824K->267129K(506816K), 0.0197555 secs] [Times: user=0.17 sys=0.01, real=0.01 secs] 
2020-10-29T10:03:00.851-0800: 0.378: [GC (Allocation Failure) 2020-10-29T10:03:00.851-0800: 0.378: [ParNew: 157246K->17470K(157248K), 0.0179065 secs] 406905K->309373K(506816K), 0.0179899 secs] [Times: user=0.15 sys=0.02, real=0.01 secs] 
2020-10-29T10:03:00.885-0800: 0.412: [GC (Allocation Failure) 2020-10-29T10:03:00.885-0800: 0.412: [ParNew: 157246K->17471K(157248K), 0.0195491 secs] 449149K->351700K(506816K), 0.0196348 secs] [Times: user=0.17 sys=0.02, real=0.02 secs] 
2020-10-29T10:03:00.905-0800: 0.432: [CMS-concurrent-abortable-preclean: 0.003/0.110 secs] [Times: user=0.56 sys=0.05, real=0.11 secs] 
2020-10-29T10:03:00.905-0800: 0.432: [GC (CMS Final Remark) [YG occupancy: 17759 K (157248 K)]2020-10-29T10:03:00.905-0800: 0.432: [Rescan (parallel) , 0.0002612 secs]2020-10-29T10:03:00.905-0800: 0.432: [weak refs processing, 0.0000316 secs]2020-10-29T10:03:00.905-0800: 0.433: [class unloading, 0.0002344 secs]2020-10-29T10:03:00.905-0800: 0.433: [scrub symbol table, 0.0002535 secs]2020-10-29T10:03:00.906-0800: 0.433: [scrub string table, 0.0001528 secs][1 CMS-remark: 334229K(349568K)] 351988K(506816K), 0.0010316 secs] [Times: user=0.00 sys=0.00, real=0.00 secs] 
2020-10-29T10:03:00.906-0800: 0.433: [CMS-concurrent-sweep-start]
2020-10-29T10:03:00.907-0800: 0.434: [CMS-concurrent-sweep: 0.001/0.001 secs] [Times: user=0.00 sys=0.00, real=0.00 secs] 
2020-10-29T10:03:00.907-0800: 0.434: [CMS-concurrent-reset-start]
2020-10-29T10:03:00.907-0800: 0.435: [CMS-concurrent-reset: 0.001/0.001 secs] [Times: user=0.00 sys=0.00, real=0.00 secs] 
2020-10-29T10:03:00.928-0800: 0.455: [GC (Allocation Failure) 2020-10-29T10:03:00.928-0800: 0.455: [ParNew: 157247K->17471K(157248K), 0.0097482 secs] 447931K->355969K(506816K), 0.0098200 secs] [Times: user=0.09 sys=0.00, real=0.01 secs] 
2020-10-29T10:03:00.938-0800: 0.465: [GC (CMS Initial Mark) [1 CMS-initial-mark: 338498K(349568K)] 356153K(506816K), 0.0001751 secs] [Times: user=0.00 sys=0.00, real=0.00 secs] 
2020-10-29T10:03:00.938-0800: 0.465: [CMS-concurrent-mark-start]
2020-10-29T10:03:00.939-0800: 0.466: [CMS-concurrent-mark: 0.001/0.001 secs] [Times: user=0.00 sys=0.00, real=0.00 secs] 
2020-10-29T10:03:00.939-0800: 0.466: [CMS-concurrent-preclean-start]
2020-10-29T10:03:00.939-0800: 0.467: [CMS-concurrent-preclean: 0.000/0.000 secs] [Times: user=0.01 sys=0.00, real=0.00 secs] 
2020-10-29T10:03:00.939-0800: 0.467: [CMS-concurrent-abortable-preclean-start]
2020-10-29T10:03:00.939-0800: 0.467: [CMS-concurrent-abortable-preclean: 0.000/0.000 secs] [Times: user=0.00 sys=0.00, real=0.00 secs] 
2020-10-29T10:03:00.939-0800: 0.467: [GC (CMS Final Remark) [YG occupancy: 29304 K (157248 K)]2020-10-29T10:03:00.939-0800: 0.467: [Rescan (parallel) , 0.0002808 secs]2020-10-29T10:03:00.940-0800: 0.467: [weak refs processing, 0.0000111 secs]2020-10-29T10:03:00.940-0800: 0.467: [class unloading, 0.0002085 secs]2020-10-29T10:03:00.940-0800: 0.467: [scrub symbol table, 0.0002537 secs]2020-10-29T10:03:00.940-0800: 0.467: [scrub string table, 0.0001415 secs][1 CMS-remark: 338498K(349568K)] 367802K(506816K), 0.0009455 secs] [Times: user=0.00 sys=0.00, real=0.01 secs] 
2020-10-29T10:03:00.940-0800: 0.468: [CMS-concurrent-sweep-start]
2020-10-29T10:03:00.941-0800: 0.468: [CMS-concurrent-sweep: 0.001/0.001 secs] [Times: user=0.00 sys=0.00, real=0.00 secs] 
2020-10-29T10:03:00.941-0800: 0.468: [CMS-concurrent-reset-start]
2020-10-29T10:03:00.941-0800: 0.469: [CMS-concurrent-reset: 0.000/0.000 secs] [Times: user=0.00 sys=0.00, real=0.00 secs] 
2020-10-29T10:03:00.961-0800: 0.488: [GC (Allocation Failure) 2020-10-29T10:03:00.961-0800: 0.488: [ParNew: 157134K->17469K(157248K), 0.0067365 secs] 399070K->297662K(506816K), 0.0068120 secs] [Times: user=0.06 sys=0.00, real=0.00 secs] 
2020-10-29T10:03:00.968-0800: 0.495: [GC (CMS Initial Mark) [1 CMS-initial-mark: 280193K(349568K)] 300996K(506816K), 0.0001725 secs] [Times: user=0.01 sys=0.00, real=0.00 secs] 
2020-10-29T10:03:00.968-0800: 0.495: [CMS-concurrent-mark-start]
2020-10-29T10:03:00.969-0800: 0.496: [CMS-concurrent-mark: 0.001/0.001 secs] [Times: user=0.00 sys=0.00, real=0.00 secs] 
2020-10-29T10:03:00.969-0800: 0.496: [CMS-concurrent-preclean-start]
2020-10-29T10:03:00.969-0800: 0.497: [CMS-concurrent-preclean: 0.000/0.000 secs] [Times: user=0.00 sys=0.00, real=0.00 secs] 
2020-10-29T10:03:00.969-0800: 0.497: [CMS-concurrent-abortable-preclean-start]
2020-10-29T10:03:00.986-0800: 0.513: [GC (Allocation Failure) 2020-10-29T10:03:00.986-0800: 0.513: [ParNew: 157245K->17467K(157248K), 0.0079974 secs] 437438K->343768K(506816K), 0.0080744 secs] [Times: user=0.07 sys=0.00, real=0.01 secs] 
2020-10-29T10:03:00.995-0800: 0.522: [CMS-concurrent-abortable-preclean: 0.001/0.026 secs] [Times: user=0.10 sys=0.00, real=0.03 secs] 
2020-10-29T10:03:00.995-0800: 0.522: [GC (CMS Final Remark) [YG occupancy: 24795 K (157248 K)]2020-10-29T10:03:00.995-0800: 0.522: [Rescan (parallel) , 0.0002670 secs]2020-10-29T10:03:00.995-0800: 0.523: [weak refs processing, 0.0000160 secs]2020-10-29T10:03:00.995-0800: 0.523: [class unloading, 0.0001806 secs]2020-10-29T10:03:00.996-0800: 0.523: [scrub symbol table, 0.0002832 secs]2020-10-29T10:03:00.996-0800: 0.523: [scrub string table, 0.0001442 secs][1 CMS-remark: 326300K(349568K)] 351096K(506816K), 0.0009503 secs] [Times: user=0.00 sys=0.00, real=0.00 secs] 
2020-10-29T10:03:00.996-0800: 0.523: [CMS-concurrent-sweep-start]
2020-10-29T10:03:00.997-0800: 0.524: [CMS-concurrent-sweep: 0.001/0.001 secs] [Times: user=0.00 sys=0.00, real=0.00 secs] 
2020-10-29T10:03:00.997-0800: 0.524: [CMS-concurrent-reset-start]
2020-10-29T10:03:00.997-0800: 0.524: [CMS-concurrent-reset: 0.000/0.000 secs] [Times: user=0.00 sys=0.00, real=0.00 secs] 
2020-10-29T10:03:01.018-0800: 0.545: [GC (Allocation Failure) 2020-10-29T10:03:01.018-0800: 0.545: [ParNew: 157243K->17470K(157248K), 0.0104308 secs] 454476K->359731K(506816K), 0.0105093 secs] [Times: user=0.10 sys=0.01, real=0.01 secs] 
2020-10-29T10:03:01.029-0800: 0.556: [GC (CMS Initial Mark) [1 CMS-initial-mark: 342261K(349568K)] 359959K(506816K), 0.0001769 secs] [Times: user=0.00 sys=0.00, real=0.00 secs] 
2020-10-29T10:03:01.029-0800: 0.556: [CMS-concurrent-mark-start]
2020-10-29T10:03:01.030-0800: 0.557: [CMS-concurrent-mark: 0.001/0.001 secs] [Times: user=0.00 sys=0.00, real=0.01 secs] 
2020-10-29T10:03:01.030-0800: 0.557: [CMS-concurrent-preclean-start]
2020-10-29T10:03:01.030-0800: 0.558: [CMS-concurrent-preclean: 0.000/0.000 secs] [Times: user=0.00 sys=0.00, real=0.00 secs] 
2020-10-29T10:03:01.030-0800: 0.558: [CMS-concurrent-abortable-preclean-start]
2020-10-29T10:03:01.030-0800: 0.558: [CMS-concurrent-abortable-preclean: 0.000/0.000 secs] [Times: user=0.00 sys=0.00, real=0.00 secs] 
2020-10-29T10:03:01.030-0800: 0.558: [GC (CMS Final Remark) [YG occupancy: 28866 K (157248 K)]2020-10-29T10:03:01.030-0800: 0.558: [Rescan (parallel) , 0.0002802 secs]2020-10-29T10:03:01.031-0800: 0.558: [weak refs processing, 0.0000132 secs]2020-10-29T10:03:01.031-0800: 0.558: [class unloading, 0.0002022 secs]2020-10-29T10:03:01.031-0800: 0.558: [scrub symbol table, 0.0002308 secs]2020-10-29T10:03:01.031-0800: 0.558: [scrub string table, 0.0001418 secs][1 CMS-remark: 342261K(349568K)] 371127K(506816K), 0.0009292 secs] [Times: user=0.01 sys=0.00, real=0.00 secs] 
2020-10-29T10:03:01.031-0800: 0.559: [CMS-concurrent-sweep-start]
2020-10-29T10:03:01.032-0800: 0.559: [CMS-concurrent-sweep: 0.001/0.001 secs] [Times: user=0.00 sys=0.00, real=0.00 secs] 
2020-10-29T10:03:01.032-0800: 0.560: [CMS-concurrent-reset-start]
2020-10-29T10:03:01.032-0800: 0.560: [CMS-concurrent-reset: 0.000/0.000 secs] [Times: user=0.00 sys=0.00, real=0.00 secs] 
2020-10-29T10:03:01.048-0800: 0.575: [GC (Allocation Failure) 2020-10-29T10:03:01.048-0800: 0.575: [ParNew: 157155K->17471K(157248K), 0.0073898 secs] 435835K->341242K(506816K), 0.0074819 secs] [Times: user=0.07 sys=0.00, real=0.01 secs] 
2020-10-29T10:03:01.055-0800: 0.583: [GC (CMS Initial Mark) [1 CMS-initial-mark: 323770K(349568K)] 344664K(506816K), 0.0002120 secs] [Times: user=0.00 sys=0.00, real=0.00 secs] 
2020-10-29T10:03:01.055-0800: 0.583: [CMS-concurrent-mark-start]
2020-10-29T10:03:01.056-0800: 0.584: [CMS-concurrent-mark: 0.001/0.001 secs] [Times: user=0.01 sys=0.00, real=0.00 secs] 
2020-10-29T10:03:01.056-0800: 0.584: [CMS-concurrent-preclean-start]
2020-10-29T10:03:01.057-0800: 0.584: [CMS-concurrent-preclean: 0.001/0.001 secs] [Times: user=0.00 sys=0.00, real=0.00 secs] 
2020-10-29T10:03:01.057-0800: 0.584: [CMS-concurrent-abortable-preclean-start]
2020-10-29T10:03:01.057-0800: 0.584: [CMS-concurrent-abortable-preclean: 0.000/0.000 secs] [Times: user=0.00 sys=0.00, real=0.00 secs] 
2020-10-29T10:03:01.057-0800: 0.585: [GC (CMS Final Remark) [YG occupancy: 34331 K (157248 K)]2020-10-29T10:03:01.057-0800: 0.585: [Rescan (parallel) , 0.0002758 secs]2020-10-29T10:03:01.057-0800: 0.585: [weak refs processing, 0.0000149 secs]2020-10-29T10:03:01.057-0800: 0.585: [class unloading, 0.0002145 secs]2020-10-29T10:03:01.058-0800: 0.585: [scrub symbol table, 0.0002673 secs]2020-10-29T10:03:01.058-0800: 0.585: [scrub string table, 0.0001763 secs][1 CMS-remark: 323770K(349568K)] 358102K(506816K), 0.0010158 secs] [Times: user=0.00 sys=0.00, real=0.00 secs] 
2020-10-29T10:03:01.058-0800: 0.586: [CMS-concurrent-sweep-start]
2020-10-29T10:03:01.059-0800: 0.586: [CMS-concurrent-sweep: 0.001/0.001 secs] [Times: user=0.00 sys=0.00, real=0.00 secs] 
2020-10-29T10:03:01.059-0800: 0.586: [CMS-concurrent-reset-start]
2020-10-29T10:03:01.059-0800: 0.587: [CMS-concurrent-reset: 0.000/0.000 secs] [Times: user=0.00 sys=0.00, real=0.00 secs] 
2020-10-29T10:03:01.077-0800: 0.604: [GC (Allocation Failure) 2020-10-29T10:03:01.077-0800: 0.604: [ParNew: 157247K->17470K(157248K), 0.0073588 secs] 449656K->355662K(506816K), 0.0074368 secs] [Times: user=0.07 sys=0.00, real=0.01 secs] 
2020-10-29T10:03:01.084-0800: 0.612: [GC (CMS Initial Mark) [1 CMS-initial-mark: 338191K(349568K)] 358671K(506816K), 0.0001802 secs] [Times: user=0.00 sys=0.00, real=0.00 secs] 
2020-10-29T10:03:01.085-0800: 0.612: [CMS-concurrent-mark-start]
2020-10-29T10:03:01.086-0800: 0.613: [CMS-concurrent-mark: 0.001/0.001 secs] [Times: user=0.00 sys=0.00, real=0.00 secs] 
2020-10-29T10:03:01.086-0800: 0.613: [CMS-concurrent-preclean-start]
2020-10-29T10:03:01.086-0800: 0.613: [CMS-concurrent-preclean: 0.000/0.000 secs] [Times: user=0.00 sys=0.00, real=0.00 secs] 
2020-10-29T10:03:01.086-0800: 0.613: [CMS-concurrent-abortable-preclean-start]
2020-10-29T10:03:01.086-0800: 0.613: [CMS-concurrent-abortable-preclean: 0.000/0.000 secs] [Times: user=0.00 sys=0.00, real=0.00 secs] 
2020-10-29T10:03:01.086-0800: 0.614: [GC (CMS Final Remark) [YG occupancy: 27392 K (157248 K)]2020-10-29T10:03:01.086-0800: 0.614: [Rescan (parallel) , 0.0002663 secs]2020-10-29T10:03:01.086-0800: 0.614: [weak refs processing, 0.0000117 secs]2020-10-29T10:03:01.086-0800: 0.614: [class unloading, 0.0001846 secs]2020-10-29T10:03:01.087-0800: 0.614: [scrub symbol table, 0.0002323 secs]2020-10-29T10:03:01.087-0800: 0.614: [scrub string table, 0.0001404 secs][1 CMS-remark: 338191K(349568K)] 365584K(506816K), 0.0009117 secs] [Times: user=0.01 sys=0.00, real=0.00 secs] 
2020-10-29T10:03:01.087-0800: 0.615: [CMS-concurrent-sweep-start]
2020-10-29T10:03:01.088-0800: 0.615: [CMS-concurrent-sweep: 0.001/0.001 secs] [Times: user=0.00 sys=0.00, real=0.00 secs] 
2020-10-29T10:03:01.088-0800: 0.615: [CMS-concurrent-reset-start]
2020-10-29T10:03:01.088-0800: 0.616: [CMS-concurrent-reset: 0.000/0.000 secs] [Times: user=0.00 sys=0.00, real=0.00 secs] 
2020-10-29T10:03:01.111-0800: 0.638: [GC (Allocation Failure) 2020-10-29T10:03:01.111-0800: 0.638: [ParNew: 157246K->17471K(157248K), 0.0085598 secs] 459422K->357290K(506816K), 0.0086475 secs] [Times: user=0.07 sys=0.00, real=0.00 secs] 
2020-10-29T10:03:01.120-0800: 0.647: [GC (CMS Initial Mark) [1 CMS-initial-mark: 339819K(349568K)] 357900K(506816K), 0.0001819 secs] [Times: user=0.00 sys=0.00, real=0.00 secs] 
2020-10-29T10:03:01.120-0800: 0.647: [CMS-concurrent-mark-start]
2020-10-29T10:03:01.121-0800: 0.648: [CMS-concurrent-mark: 0.001/0.001 secs] [Times: user=0.01 sys=0.00, real=0.00 secs] 
2020-10-29T10:03:01.121-0800: 0.648: [CMS-concurrent-preclean-start]
2020-10-29T10:03:01.121-0800: 0.649: [CMS-concurrent-preclean: 0.000/0.000 secs] [Times: user=0.00 sys=0.00, real=0.00 secs] 
2020-10-29T10:03:01.121-0800: 0.649: [CMS-concurrent-abortable-preclean-start]
2020-10-29T10:03:01.121-0800: 0.649: [CMS-concurrent-abortable-preclean: 0.000/0.000 secs] [Times: user=0.00 sys=0.00, real=0.00 secs] 
2020-10-29T10:03:01.122-0800: 0.649: [GC (CMS Final Remark) [YG occupancy: 32094 K (157248 K)]2020-10-29T10:03:01.122-0800: 0.649: [Rescan (parallel) , 0.0002613 secs]2020-10-29T10:03:01.122-0800: 0.649: [weak refs processing, 0.0000179 secs]2020-10-29T10:03:01.122-0800: 0.649: [class unloading, 0.0001929 secs]2020-10-29T10:03:01.122-0800: 0.649: [scrub symbol table, 0.0002693 secs]2020-10-29T10:03:01.122-0800: 0.650: [scrub string table, 0.0001946 secs][1 CMS-remark: 339819K(349568K)] 371913K(506816K), 0.0010116 secs] [Times: user=0.00 sys=0.00, real=0.00 secs] 
2020-10-29T10:03:01.123-0800: 0.650: [CMS-concurrent-sweep-start]
2020-10-29T10:03:01.123-0800: 0.651: [CMS-concurrent-sweep: 0.001/0.001 secs] [Times: user=0.00 sys=0.00, real=0.00 secs] 
2020-10-29T10:03:01.124-0800: 0.651: [CMS-concurrent-reset-start]
2020-10-29T10:03:01.124-0800: 0.651: [CMS-concurrent-reset: 0.000/0.000 secs] [Times: user=0.00 sys=0.00, real=0.00 secs] 
2020-10-29T10:03:01.140-0800: 0.667: [GC (Allocation Failure) 2020-10-29T10:03:01.140-0800: 0.667: [ParNew: 157247K->157247K(157248K), 0.0000180 secs]2020-10-29T10:03:01.140-0800: 0.667: [CMS: 307771K->332683K(349568K), 0.0442668 secs] 465018K->332683K(506816K), [Metaspace: 2684K->2684K(1056768K)], 0.0444027 secs] [Times: user=0.04 sys=0.00, real=0.04 secs] 
2020-10-29T10:03:01.185-0800: 0.712: [GC (CMS Initial Mark) [1 CMS-initial-mark: 332683K(349568K)] 333184K(506816K), 0.0002101 secs] [Times: user=0.00 sys=0.00, real=0.00 secs] 
2020-10-29T10:03:01.185-0800: 0.712: [CMS-concurrent-mark-start]
2020-10-29T10:03:01.186-0800: 0.713: [CMS-concurrent-mark: 0.001/0.001 secs] [Times: user=0.01 sys=0.00, real=0.00 secs] 
2020-10-29T10:03:01.186-0800: 0.713: [CMS-concurrent-preclean-start]
2020-10-29T10:03:01.186-0800: 0.714: [CMS-concurrent-preclean: 0.001/0.001 secs] [Times: user=0.00 sys=0.00, real=0.00 secs] 
2020-10-29T10:03:01.186-0800: 0.714: [CMS-concurrent-abortable-preclean-start]
2020-10-29T10:03:01.206-0800: 0.733: [GC (Allocation Failure) 2020-10-29T10:03:01.206-0800: 0.733: [ParNew: 139776K->139776K(157248K), 0.0000220 secs]2020-10-29T10:03:01.206-0800: 0.733: [CMS2020-10-29T10:03:01.206-0800: 0.733: [CMS-concurrent-abortable-preclean: 0.001/0.020 secs] [Times: user=0.02 sys=0.00, real=0.02 secs] 
 (concurrent mode failure): 332683K->338560K(349568K), 0.0437216 secs] 472459K->338560K(506816K), [Metaspace: 2684K->2684K(1056768K)], 0.0438389 secs] [Times: user=0.04 sys=0.00, real=0.05 secs] 
2020-10-29T10:03:01.276-0800: 0.803: [GC (Allocation Failure) 2020-10-29T10:03:01.276-0800: 0.803: [ParNew: 139776K->139776K(157248K), 0.0000215 secs]2020-10-29T10:03:01.276-0800: 0.803: [CMS: 338560K->347000K(349568K), 0.0441914 secs] 478336K->347000K(506816K), [Metaspace: 2684K->2684K(1056768K)], 0.0443148 secs] [Times: user=0.04 sys=0.00, real=0.05 secs] 
2020-10-29T10:03:01.320-0800: 0.847: [GC (CMS Initial Mark) [1 CMS-initial-mark: 347000K(349568K)] 347288K(506816K), 0.0002039 secs] [Times: user=0.00 sys=0.00, real=0.00 secs] 
2020-10-29T10:03:01.320-0800: 0.848: [CMS-concurrent-mark-start]
2020-10-29T10:03:01.321-0800: 0.849: [CMS-concurrent-mark: 0.001/0.001 secs] [Times: user=0.01 sys=0.00, real=0.00 secs] 
2020-10-29T10:03:01.321-0800: 0.849: [CMS-concurrent-preclean-start]
2020-10-29T10:03:01.322-0800: 0.849: [CMS-concurrent-preclean: 0.000/0.000 secs] [Times: user=0.00 sys=0.00, real=0.00 secs] 
2020-10-29T10:03:01.322-0800: 0.849: [CMS-concurrent-abortable-preclean-start]
2020-10-29T10:03:01.322-0800: 0.849: [CMS-concurrent-abortable-preclean: 0.000/0.000 secs] [Times: user=0.00 sys=0.00, real=0.00 secs] 
2020-10-29T10:03:01.322-0800: 0.849: [GC (CMS Final Remark) [YG occupancy: 9678 K (157248 K)]2020-10-29T10:03:01.322-0800: 0.849: [Rescan (parallel) , 0.0003160 secs]2020-10-29T10:03:01.322-0800: 0.850: [weak refs processing, 0.0000163 secs]2020-10-29T10:03:01.322-0800: 0.850: [class unloading, 0.0002070 secs]2020-10-29T10:03:01.322-0800: 0.850: [scrub symbol table, 0.0002949 secs]2020-10-29T10:03:01.323-0800: 0.850: [scrub string table, 0.0002027 secs][1 CMS-remark: 347000K(349568K)] 356679K(506816K), 0.0011283 secs] [Times: user=0.00 sys=0.00, real=0.00 secs] 
2020-10-29T10:03:01.323-0800: 0.850: [CMS-concurrent-sweep-start]
2020-10-29T10:03:01.324-0800: 0.851: [CMS-concurrent-sweep: 0.001/0.001 secs] [Times: user=0.00 sys=0.00, real=0.00 secs] 
2020-10-29T10:03:01.324-0800: 0.851: [CMS-concurrent-reset-start]
2020-10-29T10:03:01.324-0800: 0.851: [CMS-concurrent-reset: 0.000/0.000 secs] [Times: user=0.00 sys=0.00, real=0.00 secs] 
2020-10-29T10:03:01.339-0800: 0.866: [GC (Allocation Failure) 2020-10-29T10:03:01.339-0800: 0.866: [ParNew: 139776K->139776K(157248K), 0.0000204 secs]2020-10-29T10:03:01.339-0800: 0.866: [CMS: 346489K->349549K(349568K), 0.0495604 secs] 486265K->353734K(506816K), [Metaspace: 2684K->2684K(1056768K)], 0.0496832 secs] [Times: user=0.05 sys=0.01, real=0.05 secs] 
2020-10-29T10:03:01.389-0800: 0.916: [GC (CMS Initial Mark) [1 CMS-initial-mark: 349549K(349568K)] 354022K(506816K), 0.0002816 secs] [Times: user=0.00 sys=0.00, real=0.00 secs] 
2020-10-29T10:03:01.389-0800: 0.917: [CMS-concurrent-mark-start]
2020-10-29T10:03:01.390-0800: 0.918: [CMS-concurrent-mark: 0.001/0.001 secs] [Times: user=0.01 sys=0.00, real=0.01 secs] 
2020-10-29T10:03:01.390-0800: 0.918: [CMS-concurrent-preclean-start]
2020-10-29T10:03:01.392-0800: 0.919: [CMS-concurrent-preclean: 0.001/0.001 secs] [Times: user=0.00 sys=0.00, real=0.00 secs] 
2020-10-29T10:03:01.392-0800: 0.919: [CMS-concurrent-abortable-preclean-start]
2020-10-29T10:03:01.392-0800: 0.919: [CMS-concurrent-abortable-preclean: 0.000/0.000 secs] [Times: user=0.00 sys=0.00, real=0.00 secs] 
2020-10-29T10:03:01.392-0800: 0.919: [GC (CMS Final Remark) [YG occupancy: 25147 K (157248 K)]2020-10-29T10:03:01.392-0800: 0.919: [Rescan (parallel) , 0.0003201 secs]2020-10-29T10:03:01.392-0800: 0.919: [weak refs processing, 0.0000150 secs]2020-10-29T10:03:01.392-0800: 0.919: [class unloading, 0.0001869 secs]2020-10-29T10:03:01.392-0800: 0.920: [scrub symbol table, 0.0003041 secs]2020-10-29T10:03:01.393-0800: 0.920: [scrub string table, 0.0001904 secs][1 CMS-remark: 349549K(349568K)] 374697K(506816K), 0.0010843 secs] [Times: user=0.00 sys=0.00, real=0.00 secs] 
2020-10-29T10:03:01.393-0800: 0.920: [CMS-concurrent-sweep-start]
2020-10-29T10:03:01.393-0800: 0.921: [CMS-concurrent-sweep: 0.000/0.000 secs] [Times: user=0.00 sys=0.00, real=0.00 secs] 
2020-10-29T10:03:01.393-0800: 0.921: [CMS-concurrent-reset-start]
2020-10-29T10:03:01.394-0800: 0.921: [CMS-concurrent-reset: 0.000/0.000 secs] [Times: user=0.00 sys=0.00, real=0.00 secs] 
2020-10-29T10:03:01.416-0800: 0.943: [GC (Allocation Failure) 2020-10-29T10:03:01.416-0800: 0.943: [ParNew: 157101K->157101K(157248K), 0.0000215 secs]2020-10-29T10:03:01.416-0800: 0.943: [CMS: 349114K->349558K(349568K), 0.0486426 secs] 506216K->358557K(506816K), [Metaspace: 2684K->2684K(1056768K)], 0.0487589 secs] [Times: user=0.04 sys=0.00, real=0.05 secs] 
2020-10-29T10:03:01.464-0800: 0.992: [GC (CMS Initial Mark) [1 CMS-initial-mark: 349558K(349568K)] 358927K(506816K), 0.0002396 secs] [Times: user=0.00 sys=0.00, real=0.00 secs] 
2020-10-29T10:03:01.465-0800: 0.992: [CMS-concurrent-mark-start]
2020-10-29T10:03:01.466-0800: 0.993: [CMS-concurrent-mark: 0.001/0.001 secs] [Times: user=0.01 sys=0.00, real=0.00 secs] 
2020-10-29T10:03:01.466-0800: 0.993: [CMS-concurrent-preclean-start]
2020-10-29T10:03:01.468-0800: 0.995: [CMS-concurrent-preclean: 0.002/0.002 secs] [Times: user=0.00 sys=0.00, real=0.00 secs] 
2020-10-29T10:03:01.468-0800: 0.995: [CMS-concurrent-abortable-preclean-start]
2020-10-29T10:03:01.468-0800: 0.995: [CMS-concurrent-abortable-preclean: 0.000/0.000 secs] [Times: user=0.00 sys=0.00, real=0.00 secs] 
2020-10-29T10:03:01.468-0800: 0.995: [GC (CMS Final Remark) [YG occupancy: 30377 K (157248 K)]2020-10-29T10:03:01.468-0800: 0.995: [Rescan (parallel) , 0.0005374 secs]2020-10-29T10:03:01.469-0800: 0.996: [weak refs processing, 0.0000148 secs]2020-10-29T10:03:01.469-0800: 0.996: [class unloading, 0.0001885 secs]2020-10-29T10:03:01.469-0800: 0.996: [scrub symbol table, 0.0002814 secs]2020-10-29T10:03:01.469-0800: 0.996: [scrub string table, 0.0001879 secs][1 CMS-remark: 349558K(349568K)] 379936K(506816K), 0.0012909 secs] [Times: user=0.01 sys=0.00, real=0.00 secs] 
2020-10-29T10:03:01.469-0800: 0.997: [CMS-concurrent-sweep-start]
2020-10-29T10:03:01.470-0800: 0.997: [CMS-concurrent-sweep: 0.000/0.000 secs] [Times: user=0.00 sys=0.00, real=0.01 secs] 
2020-10-29T10:03:01.470-0800: 0.997: [CMS-concurrent-reset-start]
2020-10-29T10:03:01.470-0800: 0.997: [CMS-concurrent-reset: 0.000/0.000 secs] [Times: user=0.00 sys=0.00, real=0.00 secs] 
2020-10-29T10:03:01.488-0800: 1.015: [GC (Allocation Failure) 2020-10-29T10:03:01.488-0800: 1.015: [ParNew: 157179K->157179K(157248K), 0.0000221 secs]2020-10-29T10:03:01.488-0800: 1.015: [CMS: 349293K->349509K(349568K), 0.0522629 secs] 506472K->364707K(506816K), [Metaspace: 2684K->2684K(1056768K)], 0.0523742 secs] [Times: user=0.06 sys=0.00, real=0.06 secs] 
2020-10-29T10:03:01.541-0800: 1.068: [GC (CMS Initial Mark) [1 CMS-initial-mark: 349509K(349568K)] 364995K(506816K), 0.0002166 secs] [Times: user=0.00 sys=0.00, real=0.00 secs] 
2020-10-29T10:03:01.541-0800: 1.068: [CMS-concurrent-mark-start]
2020-10-29T10:03:01.542-0800: 1.069: [CMS-concurrent-mark: 0.001/0.001 secs] [Times: user=0.00 sys=0.00, real=0.00 secs] 
2020-10-29T10:03:01.542-0800: 1.069: [CMS-concurrent-preclean-start]
2020-10-29T10:03:01.543-0800: 1.071: [CMS-concurrent-preclean: 0.001/0.001 secs] [Times: user=0.00 sys=0.00, real=0.00 secs] 
2020-10-29T10:03:01.543-0800: 1.071: [CMS-concurrent-abortable-preclean-start]
2020-10-29T10:03:01.543-0800: 1.071: [CMS-concurrent-abortable-preclean: 0.000/0.000 secs] [Times: user=0.00 sys=0.00, real=0.00 secs] 
2020-10-29T10:03:01.544-0800: 1.071: [GC (CMS Final Remark) [YG occupancy: 39829 K (157248 K)]2020-10-29T10:03:01.544-0800: 1.071: [Rescan (parallel) , 0.0002840 secs]2020-10-29T10:03:01.544-0800: 1.071: [weak refs processing, 0.0000155 secs]2020-10-29T10:03:01.544-0800: 1.071: [class unloading, 0.0001891 secs]2020-10-29T10:03:01.544-0800: 1.071: [scrub symbol table, 0.0002723 secs]2020-10-29T10:03:01.544-0800: 1.072: [scrub string table, 0.0002021 secs][1 CMS-remark: 349509K(349568K)] 389338K(506816K), 0.0010589 secs] [Times: user=0.01 sys=0.00, real=0.00 secs] 
2020-10-29T10:03:01.545-0800: 1.072: [CMS-concurrent-sweep-start]
2020-10-29T10:03:01.545-0800: 1.073: [CMS-concurrent-sweep: 0.000/0.000 secs] [Times: user=0.00 sys=0.00, real=0.00 secs] 
2020-10-29T10:03:01.545-0800: 1.073: [CMS-concurrent-reset-start]
Heap
 par new generation   total 157248K, used 42624K [0x00000007a0000000, 0x00000007aaaa0000, 0x00000007aaaa0000)
  eden space 139776K,  30% used [0x00000007a0000000, 0x00000007a29a03b0, 0x00000007a8880000)
  from space 17472K,   0% used [0x00000007a9990000, 0x00000007a9990000, 0x00000007aaaa0000)
  to   space 17472K,   0% used [0x00000007a8880000, 0x00000007a8880000, 0x00000007a9990000)
 concurrent mark-sweep generation total 349568K, used 349370K [0x00000007aaaa0000, 0x00000007c0000000, 0x00000007c0000000)
 Metaspace       used 2691K, capacity 4486K, committed 4864K, reserved 1056768K
  class space    used 294K, capacity 386K, committed 512K, reserved 1048576K
