Java HotSpot(TM) 64-Bit Server VM (25.192-b12) for bsd-amd64 JRE (1.8.0_192-b12), built on Oct  6 2018 09:36:52 by "java_re" with gcc 4.2.1 (Based on Apple Inc. build 5658) (LLVM build 2336.11.00)
Memory: 4k page, physical 16777216k(2100028k free)

/proc/meminfo:

CommandLine flags: -XX:InitialHeapSize=4294967296 -XX:MaxHeapSize=4294967296 -XX:MaxNewSize=872415232 -XX:MaxTenuringThreshold=6 -XX:NewSize=872415232 -XX:OldPLABSize=16 -XX:OldSize=1744830464 -XX:+PrintGC -XX:+PrintGCDateStamps -XX:+PrintGCDetails -XX:+PrintGCTimeStamps -XX:+UseCompressedClassPointers -XX:+UseCompressedOops -XX:+UseConcMarkSweepGC -XX:+UseParNewGC 
2020-10-29T10:48:00.529-0800: 0.380: [GC (Allocation Failure) 2020-10-29T10:48:00.529-0800: 0.380: [ParNew: 681600K->85183K(766784K), 0.0639575 secs] 681600K->173576K(4109120K), 0.0640607 secs] [Times: user=0.13 sys=0.38, real=0.07 secs] 
2020-10-29T10:48:00.682-0800: 0.532: [GC (Allocation Failure) 2020-10-29T10:48:00.682-0800: 0.533: [ParNew: 766783K->85184K(766784K), 0.0671960 secs] 855176K->306254K(4109120K), 0.0672760 secs] [Times: user=0.14 sys=0.40, real=0.06 secs] 
2020-10-29T10:48:00.822-0800: 0.672: [GC (Allocation Failure) 2020-10-29T10:48:00.822-0800: 0.672: [ParNew: 766784K->85184K(766784K), 0.0734842 secs] 987854K->442866K(4109120K), 0.0735654 secs] [Times: user=0.67 sys=0.04, real=0.07 secs] 
2020-10-29T10:48:00.978-0800: 0.829: [GC (Allocation Failure) 2020-10-29T10:48:00.978-0800: 0.829: [ParNew: 766784K->85184K(766784K), 0.0769098 secs] 1124466K->576646K(4109120K), 0.0769959 secs] [Times: user=0.70 sys=0.04, real=0.08 secs] 
2020-10-29T10:48:01.135-0800: 0.985: [GC (Allocation Failure) 2020-10-29T10:48:01.135-0800: 0.986: [ParNew: 766784K->85184K(766784K), 0.0736692 secs] 1258246K->708705K(4109120K), 0.0737538 secs] [Times: user=0.68 sys=0.04, real=0.07 secs] 
Heap
 par new generation   total 766784K, used 224567K [0x00000006c0000000, 0x00000006f4000000, 0x00000006f4000000)
  eden space 681600K,  20% used [0x00000006c0000000, 0x00000006c881dd00, 0x00000006e99a0000)
  from space 85184K, 100% used [0x00000006eecd0000, 0x00000006f4000000, 0x00000006f4000000)
  to   space 85184K,   0% used [0x00000006e99a0000, 0x00000006e99a0000, 0x00000006eecd0000)
 concurrent mark-sweep generation total 3342336K, used 623521K [0x00000006f4000000, 0x00000007c0000000, 0x00000007c0000000)
 Metaspace       used 2691K, capacity 4486K, committed 4864K, reserved 1056768K
  class space    used 294K, capacity 386K, committed 512K, reserved 1048576K
