Java HotSpot(TM) 64-Bit Server VM (25.192-b12) for bsd-amd64 JRE (1.8.0_192-b12), built on Oct  6 2018 09:36:52 by "java_re" with gcc 4.2.1 (Based on Apple Inc. build 5658) (LLVM build 2336.11.00)
Memory: 4k page, physical 16777216k(2357972k free)

/proc/meminfo:

CommandLine flags: -XX:InitialHeapSize=4294967296 -XX:MaxHeapSize=4294967296 -XX:+PrintGC -XX:+PrintGCDateStamps -XX:+PrintGCDetails -XX:+PrintGCTimeStamps -XX:+UseCompressedClassPointers -XX:+UseCompressedOops -XX:+UseSerialGC 
2020-10-29T10:44:54.633-0800: 0.561: [GC (Allocation Failure) 2020-10-29T10:44:54.633-0800: 0.561: [DefNew: 1118528K->139776K(1258304K), 0.1306422 secs] 1118528K->252362K(4054528K), 0.1307465 secs] [Times: user=0.08 sys=0.05, real=0.13 secs] 
2020-10-29T10:44:54.908-0800: 0.836: [GC (Allocation Failure) 2020-10-29T10:44:54.908-0800: 0.836: [DefNew: 1258304K->139775K(1258304K), 0.1516388 secs] 1370890K->410454K(4054528K), 0.1517216 secs] [Times: user=0.09 sys=0.06, real=0.16 secs] 
Heap
 def new generation   total 1258304K, used 656925K [0x00000006c0000000, 0x0000000715550000, 0x0000000715550000)
  eden space 1118528K,  46% used [0x00000006c0000000, 0x00000006df9077b8, 0x0000000704450000)
  from space 139776K,  99% used [0x0000000704450000, 0x000000070cccfff8, 0x000000070ccd0000)
  to   space 139776K,   0% used [0x000000070ccd0000, 0x000000070ccd0000, 0x0000000715550000)
 tenured generation   total 2796224K, used 270678K [0x0000000715550000, 0x00000007c0000000, 0x00000007c0000000)
   the space 2796224K,   9% used [0x0000000715550000, 0x0000000725da5b40, 0x0000000725da5c00, 0x00000007c0000000)
 Metaspace       used 2690K, capacity 4486K, committed 4864K, reserved 1056768K
  class space    used 294K, capacity 386K, committed 512K, reserved 1048576K
