Java HotSpot(TM) 64-Bit Server VM (25.192-b12) for bsd-amd64 JRE (1.8.0_192-b12), built on Oct  6 2018 09:36:52 by "java_re" with gcc 4.2.1 (Based on Apple Inc. build 5658) (LLVM build 2336.11.00)
Memory: 4k page, physical 16777216k(2154764k free)

/proc/meminfo:

CommandLine flags: -XX:InitialHeapSize=1073741824 -XX:MaxHeapSize=1073741824 -XX:+PrintGC -XX:+PrintGCDateStamps -XX:+PrintGCDetails -XX:+PrintGCTimeStamps -XX:+UseCompressedClassPointers -XX:+UseCompressedOops -XX:+UseParallelGC 
2020-10-29T10:45:46.077-0800: 0.196: [GC (Allocation Failure) [PSYoungGen: 262144K->43512K(305664K)] 262144K->71316K(1005056K), 0.0236876 secs] [Times: user=0.03 sys=0.15, real=0.03 secs] 
2020-10-29T10:45:46.144-0800: 0.263: [GC (Allocation Failure) [PSYoungGen: 305571K->43508K(305664K)] 333374K->147542K(1005056K), 0.0409949 secs] [Times: user=0.04 sys=0.27, real=0.04 secs] 
2020-10-29T10:45:46.213-0800: 0.332: [GC (Allocation Failure) [PSYoungGen: 305652K->43506K(305664K)] 409686K->227179K(1005056K), 0.0366187 secs] [Times: user=0.08 sys=0.20, real=0.04 secs] 
2020-10-29T10:45:46.279-0800: 0.398: [GC (Allocation Failure) [PSYoungGen: 305650K->43512K(305664K)] 489323K->306526K(1005056K), 0.0378153 secs] [Times: user=0.08 sys=0.22, real=0.04 secs] 
2020-10-29T10:45:46.344-0800: 0.463: [GC (Allocation Failure) [PSYoungGen: 305656K->43514K(305664K)] 568670K->376689K(1005056K), 0.0351501 secs] [Times: user=0.08 sys=0.19, real=0.03 secs] 
2020-10-29T10:45:46.418-0800: 0.537: [GC (Allocation Failure) [PSYoungGen: 305658K->43511K(160256K)] 638833K->450717K(859648K), 0.0355489 secs] [Times: user=0.08 sys=0.20, real=0.04 secs] 
2020-10-29T10:45:46.467-0800: 0.586: [GC (Allocation Failure) [PSYoungGen: 160247K->68092K(232960K)] 567453K->481376K(932352K), 0.0088860 secs] [Times: user=0.06 sys=0.02, real=0.01 secs] 
2020-10-29T10:45:46.494-0800: 0.613: [GC (Allocation Failure) [PSYoungGen: 184828K->90948K(232960K)] 598112K->513360K(932352K), 0.0120889 secs] [Times: user=0.08 sys=0.02, real=0.01 secs] 
2020-10-29T10:45:46.522-0800: 0.641: [GC (Allocation Failure) [PSYoungGen: 207684K->99212K(232960K)] 630096K->538166K(932352K), 0.0166063 secs] [Times: user=0.09 sys=0.05, real=0.01 secs] 
2020-10-29T10:45:46.558-0800: 0.677: [GC (Allocation Failure) [PSYoungGen: 215796K->70375K(232960K)] 654750K->567774K(932352K), 0.0277887 secs] [Times: user=0.05 sys=0.16, real=0.03 secs] 
2020-10-29T10:45:46.600-0800: 0.719: [GC (Allocation Failure) [PSYoungGen: 187111K->42719K(232960K)] 684510K->603345K(932352K), 0.0266555 secs] [Times: user=0.04 sys=0.16, real=0.02 secs] 
2020-10-29T10:45:46.646-0800: 0.765: [GC (Allocation Failure) [PSYoungGen: 159455K->37795K(232960K)] 720081K->634902K(932352K), 0.0153051 secs] [Times: user=0.02 sys=0.09, real=0.02 secs] 
2020-10-29T10:45:46.661-0800: 0.780: [Full GC (Ergonomics) [PSYoungGen: 37795K->0K(232960K)] [ParOldGen: 597106K->326656K(699392K)] 634902K->326656K(932352K), [Metaspace: 2684K->2684K(1056768K)], 0.0423198 secs] [Times: user=0.34 sys=0.02, real=0.04 secs] 
2020-10-29T10:45:46.722-0800: 0.841: [GC (Allocation Failure) [PSYoungGen: 116276K->38865K(232960K)] 442933K->365522K(932352K), 0.0044229 secs] [Times: user=0.04 sys=0.00, real=0.00 secs] 
2020-10-29T10:45:46.744-0800: 0.863: [GC (Allocation Failure) [PSYoungGen: 155601K->37647K(232960K)] 482258K->397562K(932352K), 0.0073998 secs] [Times: user=0.07 sys=0.00, real=0.01 secs] 
2020-10-29T10:45:46.767-0800: 0.886: [GC (Allocation Failure) [PSYoungGen: 153917K->35999K(232960K)] 513832K->429287K(932352K), 0.0073168 secs] [Times: user=0.07 sys=0.00, real=0.01 secs] 
2020-10-29T10:45:46.792-0800: 0.911: [GC (Allocation Failure) [PSYoungGen: 152706K->37554K(232960K)] 545994K->461492K(932352K), 0.0073741 secs] [Times: user=0.07 sys=0.00, real=0.00 secs] 
2020-10-29T10:45:46.817-0800: 0.936: [GC (Allocation Failure) [PSYoungGen: 154290K->35991K(232960K)] 578228K->491811K(932352K), 0.0071034 secs] [Times: user=0.06 sys=0.00, real=0.01 secs] 
2020-10-29T10:45:46.846-0800: 0.965: [GC (Allocation Failure) [PSYoungGen: 152727K->46611K(232960K)] 608547K->533503K(932352K), 0.0082268 secs] [Times: user=0.08 sys=0.00, real=0.01 secs] 
2020-10-29T10:45:46.877-0800: 0.996: [GC (Allocation Failure) [PSYoungGen: 163347K->39939K(232960K)] 650239K->569583K(932352K), 0.0085387 secs] [Times: user=0.08 sys=0.00, real=0.01 secs] 
2020-10-29T10:45:46.902-0800: 1.021: [GC (Allocation Failure) [PSYoungGen: 156675K->42027K(232960K)] 686319K->608997K(932352K), 0.0084166 secs] [Times: user=0.08 sys=0.00, real=0.01 secs] 
2020-10-29T10:45:46.927-0800: 1.046: [GC (Allocation Failure) [PSYoungGen: 158763K->39833K(232960K)] 725733K->645793K(932352K), 0.0115669 secs] [Times: user=0.07 sys=0.03, real=0.01 secs] 
Heap
 PSYoungGen      total 232960K, used 132808K [0x00000007aab00000, 0x00000007c0000000, 0x00000007c0000000)
  eden space 116736K, 79% used [0x00000007aab00000,0x00000007b05cbec8,0x00000007b1d00000)
  from space 116224K, 34% used [0x00000007b1d00000,0x00000007b43e6518,0x00000007b8e80000)
  to   space 116224K, 0% used [0x00000007b8e80000,0x00000007b8e80000,0x00000007c0000000)
 ParOldGen       total 699392K, used 605960K [0x0000000780000000, 0x00000007aab00000, 0x00000007aab00000)
  object space 699392K, 86% used [0x0000000780000000,0x00000007a4fc2258,0x00000007aab00000)
 Metaspace       used 2691K, capacity 4486K, committed 4864K, reserved 1056768K
  class space    used 294K, capacity 386K, committed 512K, reserved 1048576K
