Java HotSpot(TM) 64-Bit Server VM (25.192-b12) for bsd-amd64 JRE (1.8.0_192-b12), built on Oct  6 2018 09:36:52 by "java_re" with gcc 4.2.1 (Based on Apple Inc. build 5658) (LLVM build 2336.11.00)
Memory: 4k page, physical 16777216k(2354920k free)

/proc/meminfo:

CommandLine flags: -XX:InitialHeapSize=2147483648 -XX:MaxHeapSize=2147483648 -XX:+PrintGC -XX:+PrintGCDateStamps -XX:+PrintGCDetails -XX:+PrintGCTimeStamps -XX:+UseCompressedClassPointers -XX:+UseCompressedOops -XX:+UseSerialGC 
2020-10-29T10:44:30.835-0800: 0.321: [GC (Allocation Failure) 2020-10-29T10:44:30.835-0800: 0.321: [DefNew: 559232K->69888K(629120K), 0.0761818 secs] 559232K->158205K(2027264K), 0.0762824 secs] [Times: user=0.05 sys=0.03, real=0.08 secs] 
2020-10-29T10:44:30.981-0800: 0.467: [GC (Allocation Failure) 2020-10-29T10:44:30.981-0800: 0.467: [DefNew: 629120K->69888K(629120K), 0.0974268 secs] 717437K->289685K(2027264K), 0.0975083 secs] [Times: user=0.05 sys=0.04, real=0.09 secs] 
2020-10-29T10:44:31.140-0800: 0.627: [GC (Allocation Failure) 2020-10-29T10:44:31.140-0800: 0.627: [DefNew: 629120K->69887K(629120K), 0.0777479 secs] 848917K->416775K(2027264K), 0.0778323 secs] [Times: user=0.05 sys=0.03, real=0.07 secs] 
2020-10-29T10:44:31.307-0800: 0.793: [GC (Allocation Failure) 2020-10-29T10:44:31.307-0800: 0.793: [DefNew: 629119K->69888K(629120K), 0.0706925 secs] 976007K->548746K(2027264K), 0.0707655 secs] [Times: user=0.05 sys=0.03, real=0.07 secs] 
2020-10-29T10:44:31.459-0800: 0.945: [GC (Allocation Failure) 2020-10-29T10:44:31.459-0800: 0.945: [DefNew: 629120K->69887K(629120K), 0.0747427 secs] 1107978K->673650K(2027264K), 0.0748242 secs] [Times: user=0.05 sys=0.03, real=0.08 secs] 
Heap
 def new generation   total 629120K, used 600985K [0x0000000740000000, 0x000000076aaa0000, 0x000000076aaa0000)
  eden space 559232K,  94% used [0x0000000740000000, 0x00000007606a68c0, 0x0000000762220000)
  from space 69888K,  99% used [0x0000000766660000, 0x000000076aa9ff38, 0x000000076aaa0000)
  to   space 69888K,   0% used [0x0000000762220000, 0x0000000762220000, 0x0000000766660000)
 tenured generation   total 1398144K, used 603762K [0x000000076aaa0000, 0x00000007c0000000, 0x00000007c0000000)
   the space 1398144K,  43% used [0x000000076aaa0000, 0x000000078f83cbe0, 0x000000078f83cc00, 0x00000007c0000000)
 Metaspace       used 2690K, capacity 4486K, committed 4864K, reserved 1056768K
  class space    used 294K, capacity 386K, committed 512K, reserved 1048576K
