Java HotSpot(TM) 64-Bit Server VM (25.192-b12) for bsd-amd64 JRE (1.8.0_192-b12), built on Oct  6 2018 09:36:52 by "java_re" with gcc 4.2.1 (Based on Apple Inc. build 5658) (LLVM build 2336.11.00)
Memory: 4k page, physical 16777216k(2126008k free)

/proc/meminfo:

CommandLine flags: -XX:InitialHeapSize=4294967296 -XX:MaxHeapSize=4294967296 -XX:+PrintGC -XX:+PrintGCDateStamps -XX:+PrintGCDetails -XX:+PrintGCTimeStamps -XX:+UseCompressedClassPointers -XX:+UseCompressedOops -XX:+UseParallelGC 
2020-10-29T10:46:31.382-0800: 0.543: [GC (Allocation Failure) [PSYoungGen: 1048576K->174585K(1223168K)] 1048576K->229719K(4019712K), 0.0809200 secs] [Times: user=0.09 sys=0.54, real=0.08 secs] 
2020-10-29T10:46:31.637-0800: 0.798: [GC (Allocation Failure) [PSYoungGen: 1223161K->174586K(1223168K)] 1278295K->360265K(4019712K), 0.1136704 secs] [Times: user=0.12 sys=0.75, real=0.12 secs] 
2020-10-29T10:46:31.860-0800: 1.021: [GC (Allocation Failure) [PSYoungGen: 1223162K->174591K(1223168K)] 1408841K->493631K(4019712K), 0.0775157 secs] [Times: user=0.23 sys=0.39, real=0.07 secs] 
Heap
 PSYoungGen      total 1223168K, used 216458K [0x000000076ab00000, 0x00000007c0000000, 0x00000007c0000000)
  eden space 1048576K, 3% used [0x000000076ab00000,0x000000076d3e2de0,0x00000007aab00000)
  from space 174592K, 99% used [0x00000007aab00000,0x00000007b557fc38,0x00000007b5580000)
  to   space 174592K, 0% used [0x00000007b5580000,0x00000007b5580000,0x00000007c0000000)
 ParOldGen       total 2796544K, used 319039K [0x00000006c0000000, 0x000000076ab00000, 0x000000076ab00000)
  object space 2796544K, 11% used [0x00000006c0000000,0x00000006d378ffc8,0x000000076ab00000)
 Metaspace       used 2690K, capacity 4486K, committed 4864K, reserved 1056768K
  class space    used 294K, capacity 386K, committed 512K, reserved 1048576K
