Java HotSpot(TM) 64-Bit Server VM (25.192-b12) for bsd-amd64 JRE (1.8.0_192-b12), built on Oct  6 2018 09:36:52 by "java_re" with gcc 4.2.1 (Based on Apple Inc. build 5658) (LLVM build 2336.11.00)
Memory: 4k page, physical 16777216k(471888k free)

/proc/meminfo:

CommandLine flags: -XX:InitialHeapSize=536870912 -XX:MaxHeapSize=536870912 -XX:+PrintGC -XX:+PrintGCDateStamps -XX:+PrintGCDetails -XX:+PrintGCTimeStamps -XX:+UseCompressedClassPointers -XX:+UseCompressedOops -XX:+UseSerialGC 
2020-10-29T10:02:23.151-0800: 0.147: [GC (Allocation Failure) 2020-10-29T10:02:23.151-0800: 0.147: [DefNew: 139160K->17472K(157248K), 0.0221798 secs] 139160K->42204K(506816K), 0.0223119 secs] [Times: user=0.01 sys=0.01, real=0.02 secs] 
2020-10-29T10:02:23.196-0800: 0.193: [GC (Allocation Failure) 2020-10-29T10:02:23.196-0800: 0.193: [DefNew: 157248K->17471K(157248K), 0.0321456 secs] 181980K->89291K(506816K), 0.0322301 secs] [Times: user=0.02 sys=0.01, real=0.03 secs] 
2020-10-29T10:02:23.251-0800: 0.248: [GC (Allocation Failure) 2020-10-29T10:02:23.251-0800: 0.248: [DefNew: 157247K->17471K(157248K), 0.0263414 secs] 229067K->135616K(506816K), 0.0264237 secs] [Times: user=0.02 sys=0.01, real=0.02 secs] 
2020-10-29T10:02:23.295-0800: 0.291: [GC (Allocation Failure) 2020-10-29T10:02:23.295-0800: 0.291: [DefNew: 157247K->17469K(157248K), 0.0233682 secs] 275392K->180909K(506816K), 0.0234419 secs] [Times: user=0.01 sys=0.01, real=0.02 secs] 
2020-10-29T10:02:23.334-0800: 0.330: [GC (Allocation Failure) 2020-10-29T10:02:23.334-0800: 0.330: [DefNew: 157245K->17471K(157248K), 0.0216215 secs] 320685K->222433K(506816K), 0.0216878 secs] [Times: user=0.01 sys=0.01, real=0.02 secs] 
2020-10-29T10:02:23.371-0800: 0.368: [GC (Allocation Failure) 2020-10-29T10:02:23.371-0800: 0.368: [DefNew: 157247K->17470K(157248K), 0.0230368 secs] 362209K->267991K(506816K), 0.0230991 secs] [Times: user=0.01 sys=0.01, real=0.02 secs] 
2020-10-29T10:02:23.410-0800: 0.406: [GC (Allocation Failure) 2020-10-29T10:02:23.410-0800: 0.406: [DefNew: 157246K->17470K(157248K), 0.0291013 secs] 407767K->314423K(506816K), 0.0291772 secs] [Times: user=0.01 sys=0.01, real=0.02 secs] 
2020-10-29T10:02:23.462-0800: 0.458: [GC (Allocation Failure) 2020-10-29T10:02:23.462-0800: 0.458: [DefNew: 157246K->157246K(157248K), 0.0000181 secs]2020-10-29T10:02:23.462-0800: 0.458: [Tenured: 296952K->261824K(349568K), 0.0445732 secs] 454199K->261824K(506816K), [Metaspace: 2684K->2684K(1056768K)], 0.0446867 secs] [Times: user=0.05 sys=0.00, real=0.04 secs] 
2020-10-29T10:02:23.522-0800: 0.518: [GC (Allocation Failure) 2020-10-29T10:02:23.522-0800: 0.518: [DefNew: 139776K->17471K(157248K), 0.0063711 secs] 401600K->311650K(506816K), 0.0064564 secs] [Times: user=0.01 sys=0.00, real=0.00 secs] 
2020-10-29T10:02:23.547-0800: 0.544: [GC (Allocation Failure) 2020-10-29T10:02:23.547-0800: 0.544: [DefNew: 157211K->17471K(157248K), 0.0661657 secs] 451390K->363639K(506816K), 0.0662666 secs] [Times: user=0.02 sys=0.01, real=0.07 secs] 
2020-10-29T10:02:23.630-0800: 0.626: [GC (Allocation Failure) 2020-10-29T10:02:23.630-0800: 0.626: [DefNew: 157247K->157247K(157248K), 0.0000175 secs]2020-10-29T10:02:23.630-0800: 0.626: [Tenured: 346167K->308114K(349568K), 0.0398260 secs] 503415K->308114K(506816K), [Metaspace: 2684K->2684K(1056768K)], 0.0399366 secs] [Times: user=0.04 sys=0.00, real=0.04 secs] 
2020-10-29T10:02:23.685-0800: 0.682: [GC (Allocation Failure) 2020-10-29T10:02:23.685-0800: 0.682: [DefNew: 139776K->139776K(157248K), 0.0000171 secs]2020-10-29T10:02:23.685-0800: 0.682: [Tenured: 308114K->313280K(349568K), 0.0385266 secs] 447890K->313280K(506816K), [Metaspace: 2684K->2684K(1056768K)], 0.0386396 secs] [Times: user=0.04 sys=0.00, real=0.04 secs] 
2020-10-29T10:02:23.746-0800: 0.742: [GC (Allocation Failure) 2020-10-29T10:02:23.746-0800: 0.742: [DefNew: 139776K->139776K(157248K), 0.0000162 secs]2020-10-29T10:02:23.746-0800: 0.742: [Tenured: 313280K->309622K(349568K), 0.0382820 secs] 453056K->309622K(506816K), [Metaspace: 2684K->2684K(1056768K)], 0.0383830 secs] [Times: user=0.04 sys=0.00, real=0.04 secs] 
2020-10-29T10:02:23.808-0800: 0.804: [GC (Allocation Failure) 2020-10-29T10:02:23.808-0800: 0.804: [DefNew: 139776K->139776K(157248K), 0.0000152 secs]2020-10-29T10:02:23.808-0800: 0.804: [Tenured: 309622K->333373K(349568K), 0.0247736 secs] 449398K->333373K(506816K), [Metaspace: 2684K->2684K(1056768K)], 0.0248791 secs] [Times: user=0.03 sys=0.01, real=0.03 secs] 
2020-10-29T10:02:23.854-0800: 0.851: [GC (Allocation Failure) 2020-10-29T10:02:23.854-0800: 0.851: [DefNew: 139776K->139776K(157248K), 0.0000145 secs]2020-10-29T10:02:23.855-0800: 0.851: [Tenured: 333373K->341493K(349568K), 0.0351298 secs] 473149K->341493K(506816K), [Metaspace: 2684K->2684K(1056768K)], 0.0352328 secs] [Times: user=0.04 sys=0.00, real=0.04 secs] 
2020-10-29T10:02:23.907-0800: 0.903: [GC (Allocation Failure) 2020-10-29T10:02:23.907-0800: 0.903: [DefNew: 139776K->139776K(157248K), 0.0000153 secs]2020-10-29T10:02:23.907-0800: 0.903: [Tenured: 341493K->349410K(349568K), 0.0383062 secs] 481269K->352052K(506816K), [Metaspace: 2684K->2684K(1056768K)], 0.0383935 secs] [Times: user=0.04 sys=0.00, real=0.04 secs] 
2020-10-29T10:02:23.963-0800: 0.960: [Full GC (Allocation Failure) 2020-10-29T10:02:23.963-0800: 0.960: [Tenured: 349410K->336790K(349568K), 0.0420361 secs] 506567K->336790K(506816K), [Metaspace: 2684K->2684K(1056768K)], 0.0421023 secs] [Times: user=0.04 sys=0.00, real=0.04 secs] 
2020-10-29T10:02:24.027-0800: 1.024: [GC (Allocation Failure) 2020-10-29T10:02:24.027-0800: 1.024: [DefNew: 139776K->139776K(157248K), 0.0000144 secs]2020-10-29T10:02:24.027-0800: 1.024: [Tenured: 336790K->349331K(349568K), 0.0249804 secs] 476566K->351890K(506816K), [Metaspace: 2684K->2684K(1056768K)], 0.0250942 secs] [Times: user=0.03 sys=0.00, real=0.03 secs] 
2020-10-29T10:02:24.072-0800: 1.068: [Full GC (Allocation Failure) 2020-10-29T10:02:24.072-0800: 1.068: [Tenured: 349331K->349182K(349568K), 0.0357898 secs] 506276K->365353K(506816K), [Metaspace: 2684K->2684K(1056768K)], 0.0358646 secs] [Times: user=0.03 sys=0.00, real=0.03 secs] 
Heap
 def new generation   total 157248K, used 22408K [0x00000007a0000000, 0x00000007aaaa0000, 0x00000007aaaa0000)
  eden space 139776K,  16% used [0x00000007a0000000, 0x00000007a15e2108, 0x00000007a8880000)
  from space 17472K,   0% used [0x00000007a9990000, 0x00000007a9990000, 0x00000007aaaa0000)
  to   space 17472K,   0% used [0x00000007a8880000, 0x00000007a8880000, 0x00000007a9990000)
 tenured generation   total 349568K, used 349182K [0x00000007aaaa0000, 0x00000007c0000000, 0x00000007c0000000)
   the space 349568K,  99% used [0x00000007aaaa0000, 0x00000007bff9fa78, 0x00000007bff9fc00, 0x00000007c0000000)
 Metaspace       used 2691K, capacity 4486K, committed 4864K, reserved 1056768K
  class space    used 294K, capacity 386K, committed 512K, reserved 1048576K
