Java HotSpot(TM) 64-Bit Server VM (25.192-b12) for bsd-amd64 JRE (1.8.0_192-b12), built on Oct  6 2018 09:36:52 by "java_re" with gcc 4.2.1 (Based on Apple Inc. build 5658) (LLVM build 2336.11.00)
Memory: 4k page, physical 16777216k(2032496k free)

/proc/meminfo:

CommandLine flags: -XX:InitialHeapSize=1073741824 -XX:MaxHeapSize=1073741824 -XX:+PrintGC -XX:+PrintGCDateStamps -XX:+PrintGCDetails -XX:+PrintGCTimeStamps -XX:+UseCompressedClassPointers -XX:+UseCompressedOops -XX:+UseSerialGC 
2020-10-29T10:44:03.628-0800: 0.212: [GC (Allocation Failure) 2020-10-29T10:44:03.628-0800: 0.212: [DefNew: 279616K->34944K(314560K), 0.0485104 secs] 279616K->89477K(1013632K), 0.0486171 secs] [Times: user=0.02 sys=0.02, real=0.05 secs] 
2020-10-29T10:44:03.721-0800: 0.305: [GC (Allocation Failure) 2020-10-29T10:44:03.721-0800: 0.305: [DefNew: 314560K->34941K(314560K), 0.0569684 secs] 369093K->167449K(1013632K), 0.0570564 secs] [Times: user=0.03 sys=0.02, real=0.05 secs] 
2020-10-29T10:44:03.814-0800: 0.398: [GC (Allocation Failure) 2020-10-29T10:44:03.814-0800: 0.398: [DefNew: 314557K->34944K(314560K), 0.0425719 secs] 447065K->242744K(1013632K), 0.0426455 secs] [Times: user=0.02 sys=0.02, real=0.04 secs] 
2020-10-29T10:44:03.890-0800: 0.474: [GC (Allocation Failure) 2020-10-29T10:44:03.890-0800: 0.474: [DefNew: 314560K->34942K(314560K), 0.0447747 secs] 522360K->323421K(1013632K), 0.0448532 secs] [Times: user=0.03 sys=0.02, real=0.04 secs] 
2020-10-29T10:44:03.967-0800: 0.551: [GC (Allocation Failure) 2020-10-29T10:44:03.967-0800: 0.551: [DefNew: 314101K->34943K(314560K), 0.0470932 secs] 602580K->402720K(1013632K), 0.0471911 secs] [Times: user=0.03 sys=0.02, real=0.05 secs] 
2020-10-29T10:44:04.060-0800: 0.644: [GC (Allocation Failure) 2020-10-29T10:44:04.060-0800: 0.644: [DefNew: 314559K->34942K(314560K), 0.0482868 secs] 682336K->483145K(1013632K), 0.0483745 secs] [Times: user=0.03 sys=0.02, real=0.04 secs] 
2020-10-29T10:44:04.146-0800: 0.730: [GC (Allocation Failure) 2020-10-29T10:44:04.146-0800: 0.730: [DefNew: 314558K->34944K(314560K), 0.0450732 secs] 762761K->562510K(1013632K), 0.0451558 secs] [Times: user=0.03 sys=0.01, real=0.05 secs] 
2020-10-29T10:44:04.223-0800: 0.807: [GC (Allocation Failure) 2020-10-29T10:44:04.223-0800: 0.807: [DefNew: 314560K->34943K(314560K), 0.0482777 secs] 842126K->647042K(1013632K), 0.0483613 secs] [Times: user=0.03 sys=0.02, real=0.05 secs] 
2020-10-29T10:44:04.304-0800: 0.888: [GC (Allocation Failure) 2020-10-29T10:44:04.304-0800: 0.888: [DefNew: 314559K->314559K(314560K), 0.0000154 secs]2020-10-29T10:44:04.304-0800: 0.888: [Tenured: 612098K->367177K(699072K), 0.0556089 secs] 926658K->367177K(1013632K), [Metaspace: 2684K->2684K(1056768K)], 0.0557128 secs] [Times: user=0.06 sys=0.00, real=0.05 secs] 
2020-10-29T10:44:04.395-0800: 0.979: [GC (Allocation Failure) 2020-10-29T10:44:04.395-0800: 0.979: [DefNew: 279616K->34943K(314560K), 0.0115305 secs] 646793K->454941K(1013632K), 0.0116133 secs] [Times: user=0.01 sys=0.00, real=0.01 secs] 
2020-10-29T10:44:04.443-0800: 1.027: [GC (Allocation Failure) 2020-10-29T10:44:04.443-0800: 1.027: [DefNew: 314559K->34943K(314560K), 0.0139742 secs] 734557K->531092K(1013632K), 0.0140583 secs] [Times: user=0.01 sys=0.00, real=0.01 secs] 
2020-10-29T10:44:04.494-0800: 1.078: [GC (Allocation Failure) 2020-10-29T10:44:04.494-0800: 1.078: [DefNew: 314559K->34943K(314560K), 0.0139332 secs] 810708K->609184K(1013632K), 0.0140142 secs] [Times: user=0.01 sys=0.00, real=0.01 secs] 
Heap
 def new generation   total 314560K, used 46544K [0x0000000780000000, 0x0000000795550000, 0x0000000795550000)
  eden space 279616K,   4% used [0x0000000780000000, 0x0000000780b542f0, 0x0000000791110000)
  from space 34944K,  99% used [0x0000000793330000, 0x000000079554ff58, 0x0000000795550000)
  to   space 34944K,   0% used [0x0000000791110000, 0x0000000791110000, 0x0000000793330000)
 tenured generation   total 699072K, used 574240K [0x0000000795550000, 0x00000007c0000000, 0x00000007c0000000)
   the space 699072K,  82% used [0x0000000795550000, 0x00000007b86182c8, 0x00000007b8618400, 0x00000007c0000000)
 Metaspace       used 2690K, capacity 4486K, committed 4864K, reserved 1056768K
  class space    used 294K, capacity 386K, committed 512K, reserved 1048576K
